<?xml version="1.0" encoding="utf-8"?><testsuites name="pytest tests"><testsuite name="pytest" errors="0" failures="0" skipped="4" tests="7" time="42.766" timestamp="2025-06-14T15:48:14.186109+03:00" hostname="DESKTOP-G5HTNKE"><testcase classname="tests.test_add_user.TestAddUser" name="test_add_user_valid_data" time="3.078" /><testcase classname="tests.test_add_user.TestAddUser" name="test_add_user_empty_name" time="0.375" /><testcase classname="tests.test_add_user.TestAddUser" name="test_add_user_empty_age" time="0.382" /><testcase classname="tests.test_add_user.TestAddUser" name="test_add_user_empty_gender" time="0.876"><skipped type="pytest.xfail" message="Баг: пол не валидируется как обязательное поле" /></testcase><testcase classname="tests.test_add_user.TestAddUser" name="test_add_user_negative_age" time="0.888"><skipped type="pytest.xfail" message="Баг: отрицательный возраст не валидируется" /></testcase><testcase classname="tests.test_add_user.TestAddUser" name="test_add_user_number_is_name" time="0.940"><skipped type="pytest.xfail" message="Баг: числа в имени не валидируются" /></testcase><testcase classname="tests.test_add_user.TestAddUser" name="test_add_user_invalid_gender" time="35.945"><skipped type="pytest.xfail" message="Баг: пол не валидируется" /></testcase></testsuite></testsuites>